
> finvault@0.0.0 build
> ng build

[33mΓ¥»[39m Building...
[32mΓ£ö[39m Building...
[1mInitial chunk files[22m[2m | [22m[1mNames[22m        [2m | [22m [1mRaw size[22m[2m | [22m[1mEstimated transfer size[22m
[32mchunk-VA6NAK5X.js[39m  [2m | [22m[2m-[22m            [2m | [22m[36m120.86 kB[39m[2m | [22m               [36m36.25 kB[39m
[32mchunk-VEC27LO7.js[39m  [2m | [22m[2m-[22m            [2m | [22m[36m109.08 kB[39m[2m | [22m               [36m27.45 kB[39m
[32mstyles-2HAVYFQW.css[39m[2m | [22m[2mstyles[22m       [2m | [22m  [36m7.69 kB[39m[2m | [22m                [36m1.50 kB[39m
[32mmain-DY7LNKHT.js[39m   [2m | [22m[2mmain[22m         [2m | [22m[36m924 bytes[39m[2m | [22m              [36m924 bytes[39m

[1m [22m                  [2m | [22m[1mInitial total[22m[2m | [22m[1m238.55 kB[22m[2m | [22m               [1m66.12 kB[22m

[1mLazy chunk files[22m   [2m | [22m[1mNames[22m        [2m | [22m [1mRaw size[22m[2m | [22m[1mEstimated transfer size[22m
[32mchunk-7VZ7B3XE.js[39m  [2m | [22m[2m-[22m            [2m | [22m [36m42.43 kB[39m[2m | [22m                [36m8.92 kB[39m
[32mchunk-QEFKOC4T.js[39m  [2m | [22m[2mhome[22m         [2m | [22m [36m24.99 kB[39m[2m | [22m                [36m5.19 kB[39m
[32mchunk-TXDHNVSP.js[39m  [2m | [22m[2mlogin[22m        [2m | [22m [36m11.97 kB[39m[2m | [22m                [36m3.17 kB[39m
[32mchunk-H6HUU675.js[39m  [2m | [22m[2mregister[22m     [2m | [22m [36m11.59 kB[39m[2m | [22m                [36m3.04 kB[39m
[32mchunk-VWSL2Q4Z.js[39m  [2m | [22m[2mverify-email[22m [2m | [22m [36m10.61 kB[39m[2m | [22m                [36m2.85 kB[39m
[32mchunk-OXZ73TUU.js[39m  [2m | [22m[2mdashboard[22m    [2m | [22m[36m440 bytes[39m[2m | [22m              [36m440 bytes[39m

Application bundle generation failed. [4.199 seconds] - 2026-03-31T06:28:33.204Z

node.exe : [1m[33m[33mΓû▓ 
[43;33m[[43;30mWARNING[43;33m][0m 
[1msrc/app/features/home/home.scss exceeded 
maximum budget. Budget 4.00 kB was not met by 
6.55 kB with a total of 10.55 kB.[0m
At line:1 char:1
+ & "C:\Program Files\nodejs/node.exe" 
"C:\Program Files\nodejs/node_mo ...
+ ~~~~~~~~~~~~~~~~~~~~~~~~~~~~~~~~~~~~~~~~~~~~~~~
~~~~~~~~~~~~~~~~~~~~~~
    + CategoryInfo          : NotSpecified: 
([1m    [33m[33mΓ...f 10.55 kB.[0m:String) 
[], Remot    eException
    + FullyQualifiedErrorId : NativeCommandError
 


[33mΓû▓ [43;33m[[43;30mWARNING[43;33m][0m 
[1msrc/app/features/auth/login/login.scss 
exceeded maximum budget. Budget 4.00 kB was not 
met by 1.32 kB with a total of 5.32 kB.[0m

[39m[22m
[1m[31m[31mX 
[41;31m[[41;97mERROR[41;31m][0m 
[1msrc/app/features/home/home.scss exceeded 
maximum budget. Budget 8.00 kB was not met by 
2.55 kB with a total of 10.55 kB.[0m

[39m[22m
