Application bundle generation failed. [2.857 seconds] - 2026-04-04T20:43:34.143Z

node.exe : [1m[33m[33mΓû▓ 
[43;33m[[43;30mWARNING[43;33m][0m [1mNG8113: 
RouterLink is not used within the template of 
BillsComponent[0m [1m[35m[plugin 
angular-compiler][0m
At line:1 char:1
+ & "C:\Program Files\nodejs/node.exe" "C:\Program 
Files\nodejs/node_mo ...
+ ~~~~~~~~~~~~~~~~~~~~~~~~~~~~~~~~~~~~~~~~~~~~~~~~~
~~~~~~~~~~~~~~~~~~~~
    + CategoryInfo          : NotSpecified: ([1m 
   [33m[33mΓ...r-compiler][0m:String) [], Remot  
  eException
    + FullyQualifiedErrorId : NativeCommandError
 

    
src/app/features/billing/bills-list/bills.ts:56:28:
[37m      56 Γöé     imports: [CommonModule, 
[32mRouterLink[37m, SidebarComponent, ThemeTog...
         Γò╡                             
[32m~~~~~~~~~~[0m


[33mΓû▓ [43;33m[[43;30mWARNING[43;33m][0m 
[1mNG8113: RouterLink is not used within the 
template of CardsComponent[0m [1m[35m[plugin 
angular-compiler][0m

    src/app/features/cards/cards.ts:32:26:
[37m      32 Γöé   imports: [CommonModule, 
[32mRouterLink[37m, FormsModule, 
SidebarComponen...
         Γò╡                           
[32m~~~~~~~~~~[0m


[33mΓû▓ [43;33m[[43;30mWARNING[43;33m][0m 
[1mNG8113: RouterLink is not used within the 
template of NotificationsComponent[0m 
[1m[35m[plugin angular-compiler][0m

    src/app/features/notifications/notifications.ts
:61:28:
[37m      61 Γöé     imports: [CommonModule, 
[32mRouterLink[37m, SidebarComponent, ThemeTog...
         Γò╡                             
[32m~~~~~~~~~~[0m


[33mΓû▓ [43;33m[[43;30mWARNING[43;33m][0m 
[1mNG8113: RouterLink is not used within the 
template of PayBillComponent[0m [1m[35m[plugin 
angular-compiler][0m

    src/app/features/payments/pay-bill/pay-bill.ts:
71:28:
[37m      71 Γöé     imports: [CommonModule, 
[32mRouterLink[37m, FormsModule, SidebarCompon...
         Γò╡                             
[32m~~~~~~~~~~[0m


[33mΓû▓ [43;33m[[43;30mWARNING[43;33m][0m 
[1mNG8113: RouterLink is not used within the 
template of ProfileComponent[0m [1m[35m[plugin 
angular-compiler][0m

    src/app/features/profile/profile.ts:20:26:
[37m      20 Γöé   imports: [CommonModule, 
[32mRouterLink[37m, FormsModule, 
SidebarComponent],
         Γò╡                           
[32m~~~~~~~~~~[0m


[33mΓû▓ [43;33m[[43;30mWARNING[43;33m][0m 
[1mDeprecation[0m [1m[35m[plugin 
angular-sass][0m

    src/app/features/billing/bills-list/bills.scss:
40:8:
[37m      40 Γöé @import 
[32m[37m'../../../shared/styles/sidebar';
         Γò╡         [32m^[0m


  Sass @import rules are deprecated and will be 
removed in Dart Sass 3.0.0.
  
  More info and automated migrator: 
[4mhttps://sass-lang.com/d/import[0m


[33mΓû▓ [43;33m[[43;30mWARNING[43;33m][0m 
[1mDeprecation[0m [1m[35m[plugin 
angular-sass][0m

    src/app/features/cards/cards.scss:39:8:
[37m      39 Γöé @import 
[32m[37m'../../shared/styles/sidebar';
         Γò╡         [32m^[0m


  Sass @import rules are deprecated and will be 
removed in Dart Sass 3.0.0.
  
  More info and automated migrator: 
[4mhttps://sass-lang.com/d/import[0m


[33mΓû▓ [43;33m[[43;30mWARNING[43;33m][0m 
[1mDeprecation[0m [1m[35m[plugin 
angular-sass][0m

    src/app/features/notifications/notifications.sc
ss:68:8:
[37m      68 Γöé @import 
[32m[37m'../../shared/styles/sidebar';
         Γò╡         [32m^[0m


  Sass @import rules are deprecated and will be 
removed in Dart Sass 3.0.0.
  
  More info and automated migrator: 
[4mhttps://sass-lang.com/d/import[0m


[33mΓû▓ [43;33m[[43;30mWARNING[43;33m][0m 
[1mDeprecation[0m [1m[35m[plugin 
angular-sass][0m

    src/app/features/payments/pay-bill/pay-bill.scs
s:32:8:
[37m      32 Γöé @import 
[32m[37m'../../../shared/styles/sidebar';
         Γò╡         [32m^[0m


  Sass @import rules are deprecated and will be 
removed in Dart Sass 3.0.0.
  
  More info and automated migrator: 
[4mhttps://sass-lang.com/d/import[0m


[33mΓû▓ [43;33m[[43;30mWARNING[43;33m][0m 
[1mDeprecation[0m [1m[35m[plugin 
angular-sass][0m

    src/app/features/profile/profile.scss:20:8:
[37m      20 Γöé @import 
[32m[37m'../../shared/styles/sidebar';
         Γò╡         [32m^[0m


  Sass @import rules are deprecated and will be 
removed in Dart Sass 3.0.0.
  
  More info and automated migrator: 
[4mhttps://sass-lang.com/d/import[0m


[33mΓû▓ [43;33m[[43;30mWARNING[43;33m][0m 
[1mDeprecation[0m [1m[35m[plugin 
angular-sass][0m

    src/app/shared/components/sidebar/sidebar.compo
nent.scss:2:8:
[37m      2 Γöé @import 
[32m[37m'../../styles/sidebar';
        Γò╡         [32m^[0m


  Sass @import rules are deprecated and will be 
removed in Dart Sass 3.0.0.
  
  More info and automated migrator: 
[4mhttps://sass-lang.com/d/import[0m

[39m[22m
[1m[31m[31mX 
[41;31m[[41;97mERROR[41;31m][0m [1mTS2367: 
This comparison appears to be unintentional 
because the types 'WritableSignal<string>' and 
'string' have no overlap.[0m [1m[35m[plugin 
angular-compiler][0m

    
src/app/features/dashboard/dashboard.html:53:15:
[37m      53 Γöé           @if 
([32mupcomingBillAmount !== '?0.00'[37m) {
         Γò╡                
[32m~~~~~~~~~~~~~~~~~~~~~~~~~~~~~~[0m

  Error occurs in the template of component 
DashboardComponent.

    src/app/features/dashboard/dashboard.ts:17:15:
[37m      17 Γöé   templateUrl: 
[32m'./dashboard.html'[37m,
         Γò╡                
[32m~~~~~~~~~~~~~~~~~~[0m

[39m[22m
