[33mΓ¥»[39m Building...
[32mΓ£ö[39m Building...
[1mInitial chunk files[22m[2m | [22m[1mNames[22m        [2m | [22m [1mRaw size[22m[2m | [22m[1mEstimated transfer size[22m
[32mchunk-3IOFNEQB.js[39m  [2m | [22m[2m-[22m            [2m | [22m[36m280.29 kB[39m[2m | [22m               [36m76.25 kB[39m
[32mstyles-42OHXAQF.css[39m[2m | [22m[2mstyles[22m       [2m | [22m  [36m8.15 kB[39m[2m | [22m                [36m1.60 kB[39m
[32mmain-LOJ7DTFK.js[39m   [2m | [22m[2mmain[22m         [2m | [22m  [36m1.46 kB[39m[2m | [22m              [36m543 bytes[39m

[1m [22m                  [2m | [22m[1mInitial total[22m[2m | [22m[1m289.89 kB[22m[2m | [22m               [1m78.39 kB[22m

[1mLazy chunk files[22m   [2m | [22m[1mNames[22m        [2m | [22m [1mRaw size[22m[2m | [22m[1mEstimated transfer size[22m
[32mchunk-NTFPH3BO.js[39m  [2m | [22m[2mcards[22m        [2m | [22m [36m46.25 kB[39m[2m | [22m                [36m9.51 kB[39m
[32mchunk-K7XVYE7N.js[39m  [2m | [22m[2m-[22m            [2m | [22m [36m43.25 kB[39m[2m | [22m                [36m8.97 kB[39m
[32mchunk-WUMFKWPD.js[39m  [2m | [22m[2mnotifications[22m[2m | [22m [36m41.29 kB[39m[2m | [22m                [36m7.49 kB[39m
[32mchunk-E6QG6UAW.js[39m  [2m | [22m[2mpay-bill[22m     [2m | [22m [36m29.37 kB[39m[2m | [22m                [36m6.31 kB[39m
[32mchunk-YU7CV6OX.js[39m  [2m | [22m[2mdashboard[22m    [2m | [22m [36m29.04 kB[39m[2m | [22m                [36m6.02 kB[39m
[32mchunk-QJFFOS2O.js[39m  [2m | [22m[2mbills[22m        [2m | [22m [36m28.47 kB[39m[2m | [22m                [36m5.95 kB[39m
[32mchunk-74ATY2VJ.js[39m  [2m | [22m[2mprofile[22m      [2m | [22m [36m26.50 kB[39m[2m | [22m                [36m5.21 kB[39m
[32mchunk-2K6BLE7O.js[39m  [2m | [22m[2mhome[22m         [2m | [22m [36m18.21 kB[39m[2m | [22m                [36m3.87 kB[39m
[32mchunk-FUHAWYXN.js[39m  [2m | [22m[2mregister[22m     [2m | [22m [36m14.13 kB[39m[2m | [22m                [36m3.66 kB[39m
[32mchunk-XKMWLMP4.js[39m  [2m | [22m[2mlogin[22m        [2m | [22m [36m12.31 kB[39m[2m | [22m                [36m3.27 kB[39m
[32mchunk-TC22VB65.js[39m  [2m | [22m[2m-[22m            [2m | [22m  [36m2.03 kB[39m[2m | [22m              [36m566 bytes[39m
[32mchunk-QK2L6HG6.js[39m  [2m | [22m[2m-[22m            [2m | [22m  [36m1.32 kB[39m[2m | [22m              [36m449 bytes[39m

Application bundle generation failed. [3.439 seconds] - 2026-04-02T07:41:44.963Z

node.exe : [1m[33m[33mΓû▓ 
[43;33m[[43;30mWARNING[43;33m][0m 
[1msrc/app/features/home/home.scss exceeded 
maximum budget. Budget 10.00 kB was not met by 
1.18 kB with a total of 11.18 kB.[0m
At line:1 char:1
+ & "C:\Program Files\nodejs/node.exe" 
"C:\Program Files\nodejs/node_mo ...
+ ~~~~~~~~~~~~~~~~~~~~~~~~~~~~~~~~~~~~~~~~~~~~~~~
~~~~~~~~~~~~~~~~~~~~~~
    + CategoryInfo          : NotSpecified: 
([1m    [33m[33mΓ...f 11.18 kB.[0m:String) 
[], Remot    eException
    + FullyQualifiedErrorId : NativeCommandError
 


[33mΓû▓ [43;33m[[43;30mWARNING[43;33m][0m 
[1msrc/app/features/profile/profile.scss 
exceeded maximum budget. Budget 10.00 kB was not 
met by 941 bytes with a total of 10.94 kB.[0m


[33mΓû▓ [43;33m[[43;30mWARNING[43;33m][0m [
1msrc/app/features/payments/pay-bill/pay-bill.scs
s exceeded maximum budget. Budget 10.00 kB was 
not met by 3.28 kB with a total of 13.28 kB.[0m


[33mΓû▓ [43;33m[[43;30mWARNING[43;33m][0m 
[1msrc/app/features/cards/cards.scss exceeded 
maximum budget. Budget 10.00 kB was not met by 
8.05 kB with a total of 18.05 kB.[0m


[33mΓû▓ [43;33m[[43;30mWARNING[43;33m][0m [
1mcss-inline-fonts:https://fonts.googleapis.com/c
ss2?family=Plus+Jakarta+Sans:wght@400;500;600;700
;800&family=Space+Grotesk:wght@400;500;600&displa
y=swap exceeded maximum budget. Budget 10.00 kB 
was not met by 15.53 kB with a total of 25.53 
kB.[0m


[33mΓû▓ [43;33m[[43;30mWARNING[43;33m][0m 
[1msrc/app/features/dashboard/dashboard.scss 
exceeded maximum budget. Budget 10.00 kB was not 
met by 4.10 kB with a total of 14.10 kB.[0m


[33mΓû▓ [43;33m[[43;30mWARNING[43;33m][0m [
1msrc/app/features/billing/bills-list/bills.scss 
exceeded maximum budget. Budget 10.00 kB was not 
met by 4.44 kB with a total of 14.44 kB.[0m

[39m[22m
[1m[31m[31mX 
[41;31m[[41;97mERROR[41;31m][0m 
[1msrc/app/features/cards/cards.scss exceeded 
maximum budget. Budget 15.00 kB was not met by 
3.05 kB with a total of 18.05 kB.[0m


[31mX [41;31m[[41;97mERROR[41;31m][0m [1mcs
s-inline-fonts:https://fonts.googleapis.com/css2?
family=Plus+Jakarta+Sans:wght@400;500;600;700;800
&family=Space+Grotesk:wght@400;500;600&display=sw
ap exceeded maximum budget. Budget 15.00 kB was 
not met by 10.53 kB with a total of 25.53 kB.[0m

[39m[22m
